# serializer version: 1
# name: test_converter_basic
  '''
  <h1>Heading 1</h1>
  <h2>Heading 2</h2>
  <p>Some text for heading 2</p>
  <h3>Heading 3-1</h3>
  <p>Some text for heading 3-1</p>
  <h3>Heading 3-2</h3>
  <p>Some test for heading 3-2</p>
  <ul>
  <li>An</li>
  <li>unordered</li>
  <li>
  <p>list</p>
  </li>
  <li>
  <p>An</p>
  </li>
  <li>Ordered</li>
  <li>List</li>
  </ul>
  <pre><code class="language-less">&gt; This is an info
  </code></pre>
  <pre><code class="language-less">&gt; Note: This is a note
  </code></pre>
  <pre><code class="language-less">&gt; Warning: This is a warning
  </code></pre>
  '''
# ---
# name: test_toc_convert
  '<h1>First heading</h1> <p><ac:structured-macro ac:name="toc" ac:schema-version="1"/></p> <h2>Second heading</h2>'
# ---
